Release 14.7 Map P.20131013 (nt64)
Xilinx Map Application Log File for Design 'ProgramCounter32bits'

Design Information
------------------
Command Line   : map -intstyle ise -p xc7a100t-csg324-3 -w -logic_opt off -ol
high -t 1 -xt 0 -register_duplication off -r 4 -mt off -ir off -pr off -lc off
-power off -o ProgramCounter32bits_map.ncd ProgramCounter32bits.ngd
ProgramCounter32bits.pcf 
Target Device  : xc7a100t
Target Package : csg324
Target Speed   : -3
Mapper Version : artix7 -- $Revision: 1.55 $
Mapped Date    : Mon Oct 04 21:59:47 2021

WARNING:LIT:701 - PAD symbol "clock" has an undefined IOSTANDARD.
WARNING:LIT:702 - PAD symbol "clock" is not constrained (LOC) to a specific
   location.
Mapping design into LUTs...
Running directed packing...
Running delay-based LUT packing...
Updating timing models...
INFO:Map:215 - The Interim Design Summary has been generated in the MAP Report
   (.mrp).
Running timing-driven placement...
Total REAL time at the beginning of Placer: 25 secs 
Total CPU  time at the beginning of Placer: 21 secs 

Phase 1.1  Initial Placement Analysis
Phase 1.1  Initial Placement Analysis (Checksum:1296) REAL time: 27 secs 

Phase 2.7  Design Feasibility Check
Phase 2.7  Design Feasibility Check (Checksum:1296) REAL time: 27 secs 

Phase 3.31  Local Placement Optimization
Phase 3.31  Local Placement Optimization (Checksum:1296) REAL time: 27 secs 

Phase 4.2  Initial Placement for Architecture Specific Features
...
Phase 4.2  Initial Placement for Architecture Specific Features
(Checksum:83b22ce6) REAL time: 29 secs 

Phase 5.30  Global Clock Region Assignment
Phase 5.30  Global Clock Region Assignment (Checksum:83b22ce6) REAL time: 29 secs 

Phase 6.3  Local Placement Optimization
...
Phase 6.3  Local Placement Optimization (Checksum:75f66c1c) REAL time: 30 secs 

Phase 7.5  Local Placement Optimization
Phase 7.5  Local Placement Optimization (Checksum:75f66c1c) REAL time: 30 secs 

Phase 8.8  Global Placement
Phase 8.8  Global Placement (Checksum:75f66c1c) REAL time: 30 secs 

Phase 9.5  Local Placement Optimization
Phase 9.5  Local Placement Optimization (Checksum:75f66c1c) REAL time: 30 secs 

Phase 10.18  Placement Optimization
Phase 10.18  Placement Optimization (Checksum:21c1a18b) REAL time: 31 secs 

Phase 11.5  Local Placement Optimization
Phase 11.5  Local Placement Optimization (Checksum:21c1a18b) REAL time: 31 secs 

Phase 12.34  Placement Validation
Phase 12.34  Placement Validation (Checksum:21c1a18b) REAL time: 31 secs 

Total REAL time to Placer completion: 31 secs 
Total CPU  time to Placer completion: 26 secs 
Running post-placement packing...
Writing output files...
WARNING:PhysDesignRules:2452 - The IOB input1<13> is either not constrained
   (LOC) to a specific location and/or has an undefined I/O Standard
   (IOSTANDARD). This condition may seriously affect the device and will be an
   error in bitstream creation. It should be corrected by properly specifying
   the pin location and I/O Standard.
WARNING:PhysDesignRules:2452 - The IOB input1<21> is either not constrained
   (LOC) to a specific location and/or has an undefined I/O Standard
   (IOSTANDARD). This condition may seriously affect the device and will be an
   error in bitstream creation. It should be corrected by properly specifying
   the pin location and I/O Standard.
WARNING:PhysDesignRules:2452 - The IOB out<9> is either not constrained (LOC) to
   a specific location and/or has an undefined I/O Standard (IOSTANDARD). This
   condition may seriously affect the device and will be an error in bitstream
   creation. It should be corrected by properly specifying the pin location and
   I/O Standard.
WARNING:PhysDesignRules:2452 - The IOB input1<14> is either not constrained
   (LOC) to a specific location and/or has an undefined I/O Standard
   (IOSTANDARD). This condition may seriously affect the device and will be an
   error in bitstream creation. It should be corrected by properly specifying
   the pin location and I/O Standard.
WARNING:PhysDesignRules:2452 - The IOB input1<22> is either not constrained
   (LOC) to a specific location and/or has an undefined I/O Standard
   (IOSTANDARD). This condition may seriously affect the device and will be an
   error in bitstream creation. It should be corrected by properly specifying
   the pin location and I/O Standard.
WARNING:PhysDesignRules:2452 - The IOB input1<30> is either not constrained
   (LOC) to a specific location and/or has an undefined I/O Standard
   (IOSTANDARD). This condition may seriously affect the device and will be an
   error in bitstream creation. It should be corrected by properly specifying
   the pin location and I/O Standard.
WARNING:PhysDesignRules:2452 - The IOB out<10> is either not constrained (LOC)
   to a specific location and/or has an undefined I/O Standard (IOSTANDARD).
   This condition may seriously affect the device and will be an error in
   bitstream creation. It should be corrected by properly specifying the pin
   location and I/O Standard.
WARNING:PhysDesignRules:2452 - The IOB input1<15> is either not constrained
   (LOC) to a specific location and/or has an undefined I/O Standard
   (IOSTANDARD). This condition may seriously affect the device and will be an
   error in bitstream creation. It should be corrected by properly specifying
   the pin location and I/O Standard.
WARNING:PhysDesignRules:2452 - The IOB input1<23> is either not constrained
   (LOC) to a specific location and/or has an undefined I/O Standard
   (IOSTANDARD). This condition may seriously affect the device and will be an
   error in bitstream creation. It should be corrected by properly specifying
   the pin location and I/O Standard.
WARNING:PhysDesignRules:2452 - The IOB input1<31> is either not constrained
   (LOC) to a specific location and/or has an undefined I/O Standard
   (IOSTANDARD). This condition may seriously affect the device and will be an
   error in bitstream creation. It should be corrected by properly specifying
   the pin location and I/O Standard.
WARNING:PhysDesignRules:2452 - The IOB out<11> is either not constrained (LOC)
   to a specific location and/or has an undefined I/O Standard (IOSTANDARD).
   This condition may seriously affect the device and will be an error in
   bitstream creation. It should be corrected by properly specifying the pin
   location and I/O Standard.
WARNING:PhysDesignRules:2452 - The IOB input1<16> is either not constrained
   (LOC) to a specific location and/or has an undefined I/O Standard
   (IOSTANDARD). This condition may seriously affect the device and will be an
   error in bitstream creation. It should be corrected by properly specifying
   the pin location and I/O Standard.
WARNING:PhysDesignRules:2452 - The IOB input1<24> is either not constrained
   (LOC) to a specific location and/or has an undefined I/O Standard
   (IOSTANDARD). This condition may seriously affect the device and will be an
   error in bitstream creation. It should be corrected by properly specifying
   the pin location and I/O Standard.
WARNING:PhysDesignRules:2452 - The IOB out<12> is either not constrained (LOC)
   to a specific location and/or has an undefined I/O Standard (IOSTANDARD).
   This condition may seriously affect the device and will be an error in
   bitstream creation. It should be corrected by properly specifying the pin
   location and I/O Standard.
WARNING:PhysDesignRules:2452 - The IOB out<20> is either not constrained (LOC)
   to a specific location and/or has an undefined I/O Standard (IOSTANDARD).
   This condition may seriously affect the device and will be an error in
   bitstream creation. It should be corrected by properly specifying the pin
   location and I/O Standard.
WARNING:PhysDesignRules:2452 - The IOB input1<17> is either not constrained
   (LOC) to a specific location and/or has an undefined I/O Standard
   (IOSTANDARD). This condition may seriously affect the device and will be an
   error in bitstream creation. It should be corrected by properly specifying
   the pin location and I/O Standard.
WARNING:PhysDesignRules:2452 - The IOB input1<25> is either not constrained
   (LOC) to a specific location and/or has an undefined I/O Standard
   (IOSTANDARD). This condition may seriously affect the device and will be an
   error in bitstream creation. It should be corrected by properly specifying
   the pin location and I/O Standard.
WARNING:PhysDesignRules:2452 - The IOB out<13> is either not constrained (LOC)
   to a specific location and/or has an undefined I/O Standard (IOSTANDARD).
   This condition may seriously affect the device and will be an error in
   bitstream creation. It should be corrected by properly specifying the pin
   location and I/O Standard.
WARNING:PhysDesignRules:2452 - The IOB out<21> is either not constrained (LOC)
   to a specific location and/or has an undefined I/O Standard (IOSTANDARD).
   This condition may seriously affect the device and will be an error in
   bitstream creation. It should be corrected by properly specifying the pin
   location and I/O Standard.
WARNING:PhysDesignRules:2452 - The IOB input1<18> is either not constrained
   (LOC) to a specific location and/or has an undefined I/O Standard
   (IOSTANDARD). This condition may seriously affect the device and will be an
   error in bitstream creation. It should be corrected by properly specifying
   the pin location and I/O Standard.
WARNING:PhysDesignRules:2452 - The IOB input1<26> is either not constrained
   (LOC) to a specific location and/or has an undefined I/O Standard
   (IOSTANDARD). This condition may seriously affect the device and will be an
   error in bitstream creation. It should be corrected by properly specifying
   the pin location and I/O Standard.
WARNING:PhysDesignRules:2452 - The IOB out<14> is either not constrained (LOC)
   to a specific location and/or has an undefined I/O Standard (IOSTANDARD).
   This condition may seriously affect the device and will be an error in
   bitstream creation. It should be corrected by properly specifying the pin
   location and I/O Standard.
WARNING:PhysDesignRules:2452 - The IOB out<22> is either not constrained (LOC)
   to a specific location and/or has an undefined I/O Standard (IOSTANDARD).
   This condition may seriously affect the device and will be an error in
   bitstream creation. It should be corrected by properly specifying the pin
   location and I/O Standard.
WARNING:PhysDesignRules:2452 - The IOB out<30> is either not constrained (LOC)
   to a specific location and/or has an undefined I/O Standard (IOSTANDARD).
   This condition may seriously affect the device and will be an error in
   bitstream creation. It should be corrected by properly specifying the pin
   location and I/O Standard.
WARNING:PhysDesignRules:2452 - The IOB input1<19> is either not constrained
   (LOC) to a specific location and/or has an undefined I/O Standard
   (IOSTANDARD). This condition may seriously affect the device and will be an
   error in bitstream creation. It should be corrected by properly specifying
   the pin location and I/O Standard.
WARNING:PhysDesignRules:2452 - The IOB input1<27> is either not constrained
   (LOC) to a specific location and/or has an undefined I/O Standard
   (IOSTANDARD). This condition may seriously affect the device and will be an
   error in bitstream creation. It should be corrected by properly specifying
   the pin location and I/O Standard.
WARNING:PhysDesignRules:2452 - The IOB out<15> is either not constrained (LOC)
   to a specific location and/or has an undefined I/O Standard (IOSTANDARD).
   This condition may seriously affect the device and will be an error in
   bitstream creation. It should be corrected by properly specifying the pin
   location and I/O Standard.
WARNING:PhysDesignRules:2452 - The IOB out<23> is either not constrained (LOC)
   to a specific location and/or has an undefined I/O Standard (IOSTANDARD).
   This condition may seriously affect the device and will be an error in
   bitstream creation. It should be corrected by properly specifying the pin
   location and I/O Standard.
WARNING:PhysDesignRules:2452 - The IOB out<31> is either not constrained (LOC)
   to a specific location and/or has an undefined I/O Standard (IOSTANDARD).
   This condition may seriously affect the device and will be an error in
   bitstream creation. It should be corrected by properly specifying the pin
   location and I/O Standard.
WARNING:PhysDesignRules:2452 - The IOB input1<28> is either not constrained
   (LOC) to a specific location and/or has an undefined I/O Standard
   (IOSTANDARD). This condition may seriously affect the device and will be an
   error in bitstream creation. It should be corrected by properly specifying
   the pin location and I/O Standard.
WARNING:PhysDesignRules:2452 - The IOB out<16> is either not constrained (LOC)
   to a specific location and/or has an undefined I/O Standard (IOSTANDARD).
   This condition may seriously affect the device and will be an error in
   bitstream creation. It should be corrected by properly specifying the pin
   location and I/O Standard.
WARNING:PhysDesignRules:2452 - The IOB out<24> is either not constrained (LOC)
   to a specific location and/or has an undefined I/O Standard (IOSTANDARD).
   This condition may seriously affect the device and will be an error in
   bitstream creation. It should be corrected by properly specifying the pin
   location and I/O Standard.
WARNING:PhysDesignRules:2452 - The IOB input1<29> is either not constrained
   (LOC) to a specific location and/or has an undefined I/O Standard
   (IOSTANDARD). This condition may seriously affect the device and will be an
   error in bitstream creation. It should be corrected by properly specifying
   the pin location and I/O Standard.
WARNING:PhysDesignRules:2452 - The IOB out<17> is either not constrained (LOC)
   to a specific location and/or has an undefined I/O Standard (IOSTANDARD).
   This condition may seriously affect the device and will be an error in
   bitstream creation. It should be corrected by properly specifying the pin
   location and I/O Standard.
WARNING:PhysDesignRules:2452 - The IOB out<25> is either not constrained (LOC)
   to a specific location and/or has an undefined I/O Standard (IOSTANDARD).
   This condition may seriously affect the device and will be an error in
   bitstream creation. It should be corrected by properly specifying the pin
   location and I/O Standard.
WARNING:PhysDesignRules:2452 - The IOB out<18> is either not constrained (LOC)
   to a specific location and/or has an undefined I/O Standard (IOSTANDARD).
   This condition may seriously affect the device and will be an error in
   bitstream creation. It should be corrected by properly specifying the pin
   location and I/O Standard.
WARNING:PhysDesignRules:2452 - The IOB out<26> is either not constrained (LOC)
   to a specific location and/or has an undefined I/O Standard (IOSTANDARD).
   This condition may seriously affect the device and will be an error in
   bitstream creation. It should be corrected by properly specifying the pin
   location and I/O Standard.
WARNING:PhysDesignRules:2452 - The IOB out<19> is either not constrained (LOC)
   to a specific location and/or has an undefined I/O Standard (IOSTANDARD).
   This condition may seriously affect the device and will be an error in
   bitstream creation. It should be corrected by properly specifying the pin
   location and I/O Standard.
WARNING:PhysDesignRules:2452 - The IOB out<27> is either not constrained (LOC)
   to a specific location and/or has an undefined I/O Standard (IOSTANDARD).
   This condition may seriously affect the device and will be an error in
   bitstream creation. It should be corrected by properly specifying the pin
   location and I/O Standard.
WARNING:PhysDesignRules:2452 - The IOB out<28> is either not constrained (LOC)
   to a specific location and/or has an undefined I/O Standard (IOSTANDARD).
   This condition may seriously affect the device and will be an error in
   bitstream creation. It should be corrected by properly specifying the pin
   location and I/O Standard.
WARNING:PhysDesignRules:2452 - The IOB out<29> is either not constrained (LOC)
   to a specific location and/or has an undefined I/O Standard (IOSTANDARD).
   This condition may seriously affect the device and will be an error in
   bitstream creation. It should be corrected by properly specifying the pin
   location and I/O Standard.
WARNING:PhysDesignRules:2452 - The IOB clock is either not constrained (LOC) to
   a specific location and/or has an undefined I/O Standard (IOSTANDARD). This
   condition may seriously affect the device and will be an error in bitstream
   creation. It should be corrected by properly specifying the pin location and
   I/O Standard.
WARNING:PhysDesignRules:2452 - The IOB input1<0> is either not constrained (LOC)
   to a specific location and/or has an undefined I/O Standard (IOSTANDARD).
   This condition may seriously affect the device and will be an error in
   bitstream creation. It should be corrected by properly specifying the pin
   location and I/O Standard.
WARNING:PhysDesignRules:2452 - The IOB input1<1> is either not constrained (LOC)
   to a specific location and/or has an undefined I/O Standard (IOSTANDARD).
   This condition may seriously affect the device and will be an error in
   bitstream creation. It should be corrected by properly specifying the pin
   location and I/O Standard.
WARNING:PhysDesignRules:2452 - The IOB input1<2> is either not constrained (LOC)
   to a specific location and/or has an undefined I/O Standard (IOSTANDARD).
   This condition may seriously affect the device and will be an error in
   bitstream creation. It should be corrected by properly specifying the pin
   location and I/O Standard.
WARNING:PhysDesignRules:2452 - The IOB out<0> is either not constrained (LOC) to
   a specific location and/or has an undefined I/O Standard (IOSTANDARD). This
   condition may seriously affect the device and will be an error in bitstream
   creation. It should be corrected by properly specifying the pin location and
   I/O Standard.
WARNING:PhysDesignRules:2452 - The IOB input1<3> is either not constrained (LOC)
   to a specific location and/or has an undefined I/O Standard (IOSTANDARD).
   This condition may seriously affect the device and will be an error in
   bitstream creation. It should be corrected by properly specifying the pin
   location and I/O Standard.
WARNING:PhysDesignRules:2452 - The IOB out<1> is either not constrained (LOC) to
   a specific location and/or has an undefined I/O Standard (IOSTANDARD). This
   condition may seriously affect the device and will be an error in bitstream
   creation. It should be corrected by properly specifying the pin location and
   I/O Standard.
WARNING:PhysDesignRules:2452 - The IOB input1<4> is either not constrained (LOC)
   to a specific location and/or has an undefined I/O Standard (IOSTANDARD).
   This condition may seriously affect the device and will be an error in
   bitstream creation. It should be corrected by properly specifying the pin
   location and I/O Standard.
WARNING:PhysDesignRules:2452 - The IOB out<2> is either not constrained (LOC) to
   a specific location and/or has an undefined I/O Standard (IOSTANDARD). This
   condition may seriously affect the device and will be an error in bitstream
   creation. It should be corrected by properly specifying the pin location and
   I/O Standard.
WARNING:PhysDesignRules:2452 - The IOB input1<5> is either not constrained (LOC)
   to a specific location and/or has an undefined I/O Standard (IOSTANDARD).
   This condition may seriously affect the device and will be an error in
   bitstream creation. It should be corrected by properly specifying the pin
   location and I/O Standard.
WARNING:PhysDesignRules:2452 - The IOB out<3> is either not constrained (LOC) to
   a specific location and/or has an undefined I/O Standard (IOSTANDARD). This
   condition may seriously affect the device and will be an error in bitstream
   creation. It should be corrected by properly specifying the pin location and
   I/O Standard.
WARNING:PhysDesignRules:2452 - The IOB input1<6> is either not constrained (LOC)
   to a specific location and/or has an undefined I/O Standard (IOSTANDARD).
   This condition may seriously affect the device and will be an error in
   bitstream creation. It should be corrected by properly specifying the pin
   location and I/O Standard.
WARNING:PhysDesignRules:2452 - The IOB out<4> is either not constrained (LOC) to
   a specific location and/or has an undefined I/O Standard (IOSTANDARD). This
   condition may seriously affect the device and will be an error in bitstream
   creation. It should be corrected by properly specifying the pin location and
   I/O Standard.
WARNING:PhysDesignRules:2452 - The IOB input1<7> is either not constrained (LOC)
   to a specific location and/or has an undefined I/O Standard (IOSTANDARD).
   This condition may seriously affect the device and will be an error in
   bitstream creation. It should be corrected by properly specifying the pin
   location and I/O Standard.
WARNING:PhysDesignRules:2452 - The IOB out<5> is either not constrained (LOC) to
   a specific location and/or has an undefined I/O Standard (IOSTANDARD). This
   condition may seriously affect the device and will be an error in bitstream
   creation. It should be corrected by properly specifying the pin location and
   I/O Standard.
WARNING:PhysDesignRules:2452 - The IOB input1<8> is either not constrained (LOC)
   to a specific location and/or has an undefined I/O Standard (IOSTANDARD).
   This condition may seriously affect the device and will be an error in
   bitstream creation. It should be corrected by properly specifying the pin
   location and I/O Standard.
WARNING:PhysDesignRules:2452 - The IOB input1<10> is either not constrained
   (LOC) to a specific location and/or has an undefined I/O Standard
   (IOSTANDARD). This condition may seriously affect the device and will be an
   error in bitstream creation. It should be corrected by properly specifying
   the pin location and I/O Standard.
WARNING:PhysDesignRules:2452 - The IOB out<6> is either not constrained (LOC) to
   a specific location and/or has an undefined I/O Standard (IOSTANDARD). This
   condition may seriously affect the device and will be an error in bitstream
   creation. It should be corrected by properly specifying the pin location and
   I/O Standard.
WARNING:PhysDesignRules:2452 - The IOB input1<9> is either not constrained (LOC)
   to a specific location and/or has an undefined I/O Standard (IOSTANDARD).
   This condition may seriously affect the device and will be an error in
   bitstream creation. It should be corrected by properly specifying the pin
   location and I/O Standard.
WARNING:PhysDesignRules:2452 - The IOB input1<11> is either not constrained
   (LOC) to a specific location and/or has an undefined I/O Standard
   (IOSTANDARD). This condition may seriously affect the device and will be an
   error in bitstream creation. It should be corrected by properly specifying
   the pin location and I/O Standard.
WARNING:PhysDesignRules:2452 - The IOB out<7> is either not constrained (LOC) to
   a specific location and/or has an undefined I/O Standard (IOSTANDARD). This
   condition may seriously affect the device and will be an error in bitstream
   creation. It should be corrected by properly specifying the pin location and
   I/O Standard.
WARNING:PhysDesignRules:2452 - The IOB input1<12> is either not constrained
   (LOC) to a specific location and/or has an undefined I/O Standard
   (IOSTANDARD). This condition may seriously affect the device and will be an
   error in bitstream creation. It should be corrected by properly specifying
   the pin location and I/O Standard.
WARNING:PhysDesignRules:2452 - The IOB input1<20> is either not constrained
   (LOC) to a specific location and/or has an undefined I/O Standard
   (IOSTANDARD). This condition may seriously affect the device and will be an
   error in bitstream creation. It should be corrected by properly specifying
   the pin location and I/O Standard.
WARNING:PhysDesignRules:2452 - The IOB out<8> is either not constrained (LOC) to
   a specific location and/or has an undefined I/O Standard (IOSTANDARD). This
   condition may seriously affect the device and will be an error in bitstream
   creation. It should be corrected by properly specifying the pin location and
   I/O Standard.

Design Summary
--------------

Design Summary:
Number of errors:      0
Number of warnings:   67
Slice Logic Utilization:
  Number of Slice Registers:                     0 out of 126,800    0%
  Number of Slice LUTs:                          0 out of  63,400    0%

Slice Logic Distribution:
  Number of occupied Slices:                     0 out of  15,850    0%
  Number of LUT Flip Flop pairs used:            0

IO Utilization:
  Number of bonded IOBs:                        65 out of     210   30%
    IOB Flip Flops:                             32

Specific Feature Utilization:
  Number of RAMB36E1/FIFO36E1s:                  0 out of     135    0%
  Number of RAMB18E1/FIFO18E1s:                  0 out of     270    0%
  Number of BUFG/BUFGCTRLs:                      1 out of      32    3%
    Number used as BUFGs:                        1
    Number used as BUFGCTRLs:                    0
  Number of IDELAYE2/IDELAYE2_FINEDELAYs:        0 out of     300    0%
  Number of ILOGICE2/ILOGICE3/ISERDESE2s:       27 out of     300    9%
    Number used as ILOGICE2s:                   27
  Number used as  ILOGICE3s:                     0
    Number used as ISERDESE2s:                   0
  Number of ODELAYE2/ODELAYE2_FINEDELAYs:        0
  Number of OLOGICE2/OLOGICE3/OSERDESE2s:        5 out of     300    1%
    Number used as OLOGICE2s:                    5
    Number used as OLOGICE3s:                    0
    Number used as OSERDESE2s:                   0
  Number of PHASER_IN/PHASER_IN_PHYs:            0 out of      24    0%
  Number of PHASER_OUT/PHASER_OUT_PHYs:          0 out of      24    0%
  Number of BSCANs:                              0 out of       4    0%
  Number of BUFHCEs:                             0 out of      96    0%
  Number of BUFRs:                               0 out of      24    0%
  Number of CAPTUREs:                            0 out of       1    0%
  Number of DNA_PORTs:                           0 out of       1    0%
  Number of DSP48E1s:                            0 out of     240    0%
  Number of EFUSE_USRs:                          0 out of       1    0%
  Number of FRAME_ECCs:                          0 out of       1    0%
  Number of IBUFDS_GTE2s:                        0 out of       4    0%
  Number of ICAPs:                               0 out of       2    0%
  Number of IDELAYCTRLs:                         0 out of       6    0%
  Number of IN_FIFOs:                            0 out of      24    0%
  Number of MMCME2_ADVs:                         0 out of       6    0%
  Number of OUT_FIFOs:                           0 out of      24    0%
  Number of PCIE_2_1s:                           0 out of       1    0%
  Number of PHASER_REFs:                         0 out of       6    0%
  Number of PHY_CONTROLs:                        0 out of       6    0%
  Number of PLLE2_ADVs:                          0 out of       6    0%
  Number of STARTUPs:                            0 out of       1    0%
  Number of XADCs:                               0 out of       1    0%

Average Fanout of Non-Clock Nets:                1.00

Peak Memory Usage:  5009 MB
Total REAL time to MAP completion:  34 secs 
Total CPU time to MAP completion:   27 secs 

Mapping completed.
See MAP report file "ProgramCounter32bits_map.mrp" for details.
